<!doctype html><!--[if lt IE 7]><html class="no-js lt-ie9 lt-ie8 lt-ie7" lang="en"><![endif]--><!--[if IE 7]><html class="no-js lt-ie9 lt-ie8" lang="en"><![endif]--><!--[if IE 8]><html class="no-js lt-ie9" lang="en"><![endif]--><!--[if gt IE 8]><!--><html class=no-js lang=en><head><meta charset=utf-8><meta http-equiv=X-UA-Compatible content="IE=edge,chrome=1"><title></title><meta name=description content=""><meta name=viewport content="width=device-width"><link rel=stylesheet href="css/73ef6e0f.style.css"><script src="js/vendor/5f7134b6.modernizr-2.5.3.min.js"></script><style>.imgs:before, .css-reved:before {
      font: 0.8em Helvetica, Arial, sans-sherif;
      color: hsla(230, 26%, 27%, 0.38);
    }

    .imgs:before { content: 'Test out this rev replacement with some <img /> tags '; }
    .css-reved:before { content: 'Test out this rev replacement with some background img'; }

    .imgs, .css-reved { margin: 1em; padding: 1em; border: 1px solid #ccc; float: left; width: 200px; }
    .css-reved .img-1 { background: url('img/b2e8c0ea.1.png'); }
    .css-reved .img-2 { background: url('img/073323ac.2.png'); }
    .css-reved .img-3 { background: url('img/6c97ba68.3.png'); }
    .css-reved .img-4 { background: url('img/b3636b33.4.png'); }

    img, .img-1, .img-2, .img-3, .img-4 { display: block; height: 150px; width: 150px; float: left; margin: 1em; }</style><body><!--[if lt IE 7]><p class=chromeframe>Your browser is <em>ancient!</em> <a href="http://browsehappy.com/">Upgrade to a different browser</a> or <a href="http://www.google.com/chromeframe/?redirect=true">install Google Chrome Frame</a> to experience this site.</p><![endif]--><div class="imgs clearfix"><img src="img/b2e8c0ea.1.png"><img src="img/073323ac.2.png"><img src="img/6c97ba68.3.png"><img src="img/b3636b33.4.png"></div><div class="css-reved clearfix"><span class=img-1></span><span class=img-2></span><span class=img-3></span><span class=img-4></span></div><script src="//ajax.googleapis.com/ajax/libs/jquery/1.7.2/jquery.min.js"></script><script>window.jQuery || document.write('<script src="js/vendor/775b359b.jquery-1.7.2.min.js"><\/script>')</script><script src="js/8df0ff3a.plugins.js"></script><script src="js/f91c824c.main.js"></script><script>var _gaq=[['_setAccount','UA-XXXXX-X'],['_trackPageview']];
    (function(d,t){var g=d.createElement(t),s=d.getElementsByTagName(t)[0];
    g.src=('https:'==location.protocol?'//ssl':'//www')+'.google-analytics.com/ga.js';
    s.parentNode.insertBefore(g,s)}(document,'script'));</script>